GDTEST_OK
1
1
1
1
3
1
[3, 1]
23
[4]
[5]
0
1
[0, 1, 2, 3]
2
