GDTEST_ANALYZER_ERROR
Cannot use "set_prop" as setter: argument type "int" is not compatible with property type "String".
