GDTEST_ANALYZER_ERROR
Cannot use "get_prop" as getter: it does not have a set return type.
